"supported_id","openalex_id"
"issn:0044-295X","S2754884180"
"wikidata:Q27713914","S2754884180"
"wikidata:Q96703639","S2764503789"
"issn:2308-4898","S2764503789"
